# serializer version: 1
# name: test_main
  '''
  {
    "updated_at": "2025-08-23T15:40:42.142446+08:00",
    "events": [
      {
        "item_hash": "abc123",
        "title": "Test Item 1",
        "url": "https://blueroom.org.au/event/1/",
        "html_desc": null,
        "desc": "A brief description of Test Item 1.",
        "dates": [
          {
            "start": "2023-10-01T00:00:00+08:00",
            "end": "2023-10-01T02:00:00+08:00",
            "venue": "Test Venue",
            "status": 0,
            "url": "https://tix.blueroom.org.au/Event/1/2023-10-01"
          }
        ]
      }
    ]
  }
  '''
# ---
